
[Test_OutputError/Error_Catalog_error - 1]

[41m [0m[97;41mERROR[0m[41m [0m  [1mClient request cannot be processed (SNYK-0003)[0m
Info:    If you carry on like this you will ensure the wrath of OWASP, the God of Code  
         Injection.                                                                     
HTTP:    400                                                                            
Help:    http://example.com/docs                                                        

---
